Autodetected device type: mps
2026-05-25 22:14:12,472 - nanochat.common - [32m[1mINFO[0m - Distributed world size: 1

=== [stage2_d4_mqar_hard] seed 0 (1/3) ===
[stage2_d4_mqar_hard_s0] task=mqar T=256 vocab=32768
[stage2_d4_mqar_hard_s0] params: 36,962,948 (36.96M)  depth=4  n_embd=256
[stage2_d4_mqar_hard_s0] hope: swap=-1 add=1 w_o=1.0 kind=learned_gate
Scaling the LR for the AdamW parameters ∝1/√(256/768) = 1.732051
[stage2_d4_mqar_hard_s0] step 0025/500 | loss 4.8835 | acc 0.0082 | — | elapsed 1.0m
[stage2_d4_mqar_hard_s0] step 0050/500 | loss 4.8633 | acc 0.0115 | — | elapsed 2.0m
[stage2_d4_mqar_hard_s0] step 0075/500 | loss 4.8200 | acc 0.0146 | — | elapsed 3.0m
[stage2_d4_mqar_hard_s0] step 0100/500 | loss 4.7915 | acc 0.0154 | — | elapsed 3.9m
[stage2_d4_mqar_hard_s0] step 0125/500 | loss 4.7491 | acc 0.0143 | — | elapsed 4.9m
[stage2_d4_mqar_hard_s0] step 0150/500 | loss 4.7518 | acc 0.0135 | — | elapsed 6.1m
[stage2_d4_mqar_hard_s0] step 0175/500 | loss 4.7077 | acc 0.0143 | — | elapsed 7.2m
[stage2_d4_mqar_hard_s0] step 0200/500 | loss 4.6845 | acc 0.0164 | — | elapsed 8.2m
[stage2_d4_mqar_hard_s0] step 0225/500 | loss 4.6743 | acc 0.0162 | — | elapsed 9.3m
[stage2_d4_mqar_hard_s0] step 0250/500 | loss 4.6432 | acc 0.0176 | — | elapsed 10.4m
[stage2_d4_mqar_hard_s0] step 0275/500 | loss 4.5013 | acc 0.0272 | — | elapsed 11.6m
[stage2_d4_mqar_hard_s0] step 0300/500 | loss 2.7698 | acc 0.4469 | — | elapsed 12.7m
[stage2_d4_mqar_hard_s0] step 0325/500 | loss 2.3406 | acc 0.4677 | — | elapsed 13.8m
[stage2_d4_mqar_hard_s0] step 0350/500 | loss 2.3492 | acc 0.4585 | — | elapsed 15.0m
[stage2_d4_mqar_hard_s0] step 0375/500 | loss 2.1077 | acc 0.4698 | — | elapsed 16.2m
[stage2_d4_mqar_hard_s0] step 0400/500 | loss 1.2132 | acc 0.7478 | — | elapsed 17.3m
[stage2_d4_mqar_hard_s0] step 0425/500 | loss 0.0950 | acc 0.9799 | sat@425 | elapsed 18.4m
[stage2_d4_mqar_hard_s0] step 0450/500 | loss 0.0294 | acc 0.9901 | sat@425 | elapsed 19.5m
[stage2_d4_mqar_hard_s0] step 0475/500 | loss 0.0106 | acc 0.9982 | sat@425 | elapsed 20.7m
[stage2_d4_mqar_hard_s0] step 0500/500 | loss 0.0075 | acc 0.9994 | sat@425 | elapsed 21.8m
[stage2_d4_mqar_hard_s0] done in 21.80m  final_acc=0.9994  saturation_step=425

=== [stage2_d4_mqar_hard] seed 1 (2/3) ===
[stage2_d4_mqar_hard_s1] task=mqar T=256 vocab=32768
[stage2_d4_mqar_hard_s1] params: 36,962,948 (36.96M)  depth=4  n_embd=256
[stage2_d4_mqar_hard_s1] hope: swap=-1 add=1 w_o=1.0 kind=learned_gate
Scaling the LR for the AdamW parameters ∝1/√(256/768) = 1.732051
[stage2_d4_mqar_hard_s1] step 0025/500 | loss 4.8937 | acc 0.0092 | — | elapsed 1.1m
[stage2_d4_mqar_hard_s1] step 0050/500 | loss 4.8477 | acc 0.0118 | — | elapsed 2.4m
[stage2_d4_mqar_hard_s1] step 0075/500 | loss 4.8105 | acc 0.0151 | — | elapsed 3.6m
[stage2_d4_mqar_hard_s1] step 0100/500 | loss 4.7843 | acc 0.0159 | — | elapsed 4.8m
[stage2_d4_mqar_hard_s1] step 0125/500 | loss 4.7502 | acc 0.0133 | — | elapsed 6.2m
[stage2_d4_mqar_hard_s1] step 0150/500 | loss 4.7321 | acc 0.0138 | — | elapsed 7.3m
[stage2_d4_mqar_hard_s1] step 0175/500 | loss 4.7317 | acc 0.0159 | — | elapsed 8.4m
[stage2_d4_mqar_hard_s1] step 0200/500 | loss 4.6550 | acc 0.0137 | — | elapsed 9.6m
[stage2_d4_mqar_hard_s1] step 0225/500 | loss 4.6360 | acc 0.0160 | — | elapsed 10.7m
[stage2_d4_mqar_hard_s1] step 0250/500 | loss 4.6343 | acc 0.0149 | — | elapsed 11.9m
[stage2_d4_mqar_hard_s1] step 0275/500 | loss 4.6324 | acc 0.0171 | — | elapsed 13.0m
[stage2_d4_mqar_hard_s1] step 0300/500 | loss 4.5850 | acc 0.0139 | — | elapsed 14.1m
[stage2_d4_mqar_hard_s1] step 0325/500 | loss 4.6240 | acc 0.0145 | — | elapsed 15.2m
[stage2_d4_mqar_hard_s1] step 0350/500 | loss 4.5622 | acc 0.0156 | — | elapsed 16.4m
[stage2_d4_mqar_hard_s1] step 0375/500 | loss 4.5279 | acc 0.0177 | — | elapsed 17.6m
[stage2_d4_mqar_hard_s1] step 0400/500 | loss 4.5237 | acc 0.0166 | — | elapsed 18.7m
[stage2_d4_mqar_hard_s1] step 0425/500 | loss 4.5091 | acc 0.0168 | — | elapsed 19.9m
[stage2_d4_mqar_hard_s1] step 0450/500 | loss 4.5181 | acc 0.0149 | — | elapsed 21.0m
[stage2_d4_mqar_hard_s1] step 0475/500 | loss 4.4776 | acc 0.0145 | — | elapsed 22.1m
[stage2_d4_mqar_hard_s1] step 0500/500 | loss 4.4943 | acc 0.0138 | — | elapsed 23.3m
[stage2_d4_mqar_hard_s1] done in 23.29m  final_acc=0.0138  saturation_step=None

=== [stage2_d4_mqar_hard] seed 2 (3/3) ===
[stage2_d4_mqar_hard_s2] task=mqar T=256 vocab=32768
[stage2_d4_mqar_hard_s2] params: 36,962,948 (36.96M)  depth=4  n_embd=256
[stage2_d4_mqar_hard_s2] hope: swap=-1 add=1 w_o=1.0 kind=learned_gate
Scaling the LR for the AdamW parameters ∝1/√(256/768) = 1.732051
[stage2_d4_mqar_hard_s2] step 0025/500 | loss 4.9242 | acc 0.0087 | — | elapsed 1.1m
[stage2_d4_mqar_hard_s2] step 0050/500 | loss 4.8926 | acc 0.0089 | — | elapsed 2.2m
[stage2_d4_mqar_hard_s2] step 0075/500 | loss 4.7927 | acc 0.0319 | — | elapsed 3.3m
[stage2_d4_mqar_hard_s2] step 0100/500 | loss 2.3947 | acc 0.5000 | — | elapsed 4.4m
[stage2_d4_mqar_hard_s2] step 0125/500 | loss 2.1575 | acc 0.4960 | — | elapsed 5.5m
[stage2_d4_mqar_hard_s2] step 0150/500 | loss 2.2163 | acc 0.4939 | — | elapsed 6.6m
[stage2_d4_mqar_hard_s2] step 0175/500 | loss 2.1434 | acc 0.4984 | — | elapsed 7.7m
[stage2_d4_mqar_hard_s2] step 0200/500 | loss 2.0858 | acc 0.5085 | — | elapsed 8.8m
[stage2_d4_mqar_hard_s2] step 0225/500 | loss 2.0347 | acc 0.5045 | — | elapsed 9.9m
[stage2_d4_mqar_hard_s2] step 0250/500 | loss 2.1158 | acc 0.5023 | — | elapsed 11.0m
[stage2_d4_mqar_hard_s2] step 0275/500 | loss 2.0566 | acc 0.5121 | — | elapsed 12.1m
[stage2_d4_mqar_hard_s2] step 0300/500 | loss 2.1302 | acc 0.5048 | — | elapsed 13.2m
[stage2_d4_mqar_hard_s2] step 0325/500 | loss 1.9968 | acc 0.4985 | — | elapsed 14.3m
[stage2_d4_mqar_hard_s2] step 0350/500 | loss 1.9689 | acc 0.5109 | — | elapsed 15.4m
[stage2_d4_mqar_hard_s2] step 0375/500 | loss 1.5430 | acc 0.6438 | — | elapsed 16.5m
[stage2_d4_mqar_hard_s2] step 0400/500 | loss 0.1847 | acc 0.9662 | sat@400 | elapsed 17.6m
[stage2_d4_mqar_hard_s2] step 0425/500 | loss 0.0081 | acc 0.9979 | sat@400 | elapsed 18.7m
[stage2_d4_mqar_hard_s2] step 0450/500 | loss 0.0249 | acc 0.9980 | sat@400 | elapsed 19.8m
[stage2_d4_mqar_hard_s2] step 0475/500 | loss 0.0165 | acc 0.9982 | sat@400 | elapsed 21.0m
[stage2_d4_mqar_hard_s2] step 0500/500 | loss 0.0024 | acc 0.9983 | sat@400 | elapsed 22.1m
[stage2_d4_mqar_hard_s2] done in 22.09m  final_acc=0.9983  saturation_step=400

=== [stage2_d4_mqar_hard] aggregate across n=3 seeds ===
  seed   sat_step  final_acc  wall_min
     0        425     0.9994     21.80
     1          —     0.0138     23.29
     2        400     0.9983     22.09
  sat_step  mean=412.5  min=400  max=425  range=25
  1/3 seed(s) never saturated (acc < 0.95 by end of run)
  final_acc mean=0.6705  min=0.0138  max=0.9994
